// Jest Snapshot v1, https://goo.gl/fbAQLP

exports[`BeerList Enzyme testing Matches the snapshot with beer List 1`] = `
<div>
  <div
    className="loader"
  >
    Loading...
  </div>
</div>
`;

exports[`BeerList Enzyme testing Matches the snapshot without beer list 1`] = `
<div>
  <div
    className="item-detail"
  >
    <div>
      <img
        alt="A Real Bitter Experience."
        height="300"
        src="https://images.punkapi.com/v2/keg.png"
      />
    </div>
    <div
      className="detail"
    >
      <h2>
        Buzz
      </h2>
      <div>
        A Real Bitter Experience.
      </div>
      <div>
        20
         
        litres
      </div>
      <p />
      <div />
      <div>
        <strong
          className="label"
        >
          Brew Date:
        </strong>
        Â 
      </div>
    </div>
  </div>
</div>
`;
