// Jest Snapshot v1, https://goo.gl/fbAQLP

exports[`ErrorMessage Snapshot testing Matches the snapshot 1`] = `
<div>
  test
</div>
`;
