// Jest Snapshot v1, https://goo.gl/fbAQLP

exports[`Title Snapshot testing Matches the snapshot 1`] = `
<h1>
  test
</h1>
`;
