// Jest Snapshot v1, https://goo.gl/fbAQLP

exports[`Layout Snapshot testing Matches the snapshot 1`] = `
<div
  className="container"
>
  test1
</div>
`;
