// Jest Snapshot v1, https://goo.gl/fbAQLP

exports[`Loader Snapshot testing Matches the snapshot 1`] = `
<div
  className="loader"
>
  Loading...
</div>
`;
