// Jest Snapshot v1, https://goo.gl/fbAQLP

exports[`Anchor Snapshot testing Matches the snapshot 1`] = `
<a
  href="/:1"
  onClick={[Function]}
  title="Test 1"
>
  test
</a>
`;
